info
warn
info
warn
LoginPage opening
Log in with credential: 'standard_user','secret_sauce'
Click to cart
ClickToCheckout
Fill checkout form with fields: 'Gayaz','Akhunov', '412304'
LoginPage opening
Log in with credential: 'standard_user','secret_sauce'
Click to cart
ClickToCheckout
Fill checkout form with fields: '','Akhunov', '412304'
LoginPage opening
Log in with credential: 'standard_user','secret_sauce'
Click to cart
ClickToCheckout
Fill checkout form with fields: 'Gayaz','', '412304'
LoginPage opening
Log in with credential: 'standard_user','secret_sauce'
Click to cart
ClickToCheckout
Fill checkout form with fields: 'Gayaz','Akhunov', ''
LoginPage opening
Log in with credential: 'standard_user','secret_sauce'
Click to cart
ClickToCheckout
Fill checkout form with fields: '','', ''
======================================== STARTING TEST testLocators ========================================%n
======================================== FAILED TEST testLocators Duration: 0 ========================================%n
======================================== STARTING TEST testLocators ========================================%n
======================================== FAILED TEST testLocators Duration: 0 ========================================%n
======================================== STARTING TEST testLocators ========================================%n
======================================== FAILED TEST testLocators Duration: 0 ========================================%n
======================================== STARTING TEST addToCart ========================================%n
LoginPage opening
Log in with credential: 'standard_user','secret_sauce'
Click to cart
======================================== FINISHED TEST addToCart Duration: 1 ========================================%n
